MIF/HEX Update report for mips
Sat Nov 26 15:39:34 2022
Quartus Prime Version 21.1.1 Build 850 06/23/2022 SJ Lite Edition


---------------------
; Table of Contents ;
---------------------
  1. Legal Notice
  2. MIF/HEX Update Summary
  3. MIF/HEX Update Processed Files
  4. MIF/HEX Update Messages



----------------
; Legal Notice ;
----------------
Copyright (C) 2022  Intel Corporation. All rights reserved.
Your use of Intel Corporation's design tools, logic functions 
and other software and tools, and any partner logic 
functions, and any output files from any of the foregoing 
(including device programming or simulation files), and any 
associated documentation or information are expressly subject 
to the terms and conditions of the Intel Program License 
Subscription Agreement, the Intel Quartus Prime License Agreement,
the Intel FPGA IP License Agreement, or other applicable license
agreement, including, without limitation, that your use is for
the sole purpose of programming logic devices manufactured by
Intel and sold by Intel or its authorized distributors.  Please
refer to the applicable agreement for further details, at
https://fpgasoftware.intel.com/eula.



+---------------------------------------------------------------+
; MIF/HEX Update Summary                                        ;
+-----------------------+---------------------------------------+
; MIF/HEX Update Status ; Successful - Sat Nov 26 15:39:34 2022 ;
; Revision Name         ; mips                                  ;
; Top-level Entity Name ; top_level                             ;
; Family                ; MAX 10                                ;
; Device                ; 10M50DAF484C7G                        ;
+-----------------------+---------------------------------------+


+--------------------------------------------------------------------+
; MIF/HEX Update Processed Files                                     ;
+--------------------------------------------------------------------+
; File Name                                                          ;
+--------------------------------------------------------------------+
; C:/Users/baile/Documents/EEL4712/Project/test cases/week2_demo.mif ;
+--------------------------------------------------------------------+


+-------------------------+
; MIF/HEX Update Messages ;
+-------------------------+
Info: *******************************************************************
Info: Running Quartus Prime MIF/HEX Update
    Info: Version 21.1.1 Build 850 06/23/2022 SJ Lite Edition
    Info: Processing started: Sat Nov 26 15:39:33 2022
Info: Command: quartus_cdb mips -c mips --update_mif
Warning (18236): Number of processors has not been specified which may cause overloading on shared machines.  Set the global assignment NUM_PARALLEL_PROCESSORS in your QSF to an appropriate value for best performance.
Warning (113028): 243 out of 256 addresses are uninitialized. The Quartus Prime software will initialize them to "0". There are 3 warnings found, and 3 warnings are reported. File: C:/Users/baile/Documents/EEL4712/Project/test cases/week2_demo.mif Line: 1
    Warning (113027): Addresses ranging from 11 to 47 are not initialized File: C:/Users/baile/Documents/EEL4712/Project/test cases/week2_demo.mif Line: 1
    Warning (113027): Addresses ranging from 49 to 59 are not initialized File: C:/Users/baile/Documents/EEL4712/Project/test cases/week2_demo.mif Line: 1
    Warning (113027): Addresses ranging from 61 to 255 are not initialized File: C:/Users/baile/Documents/EEL4712/Project/test cases/week2_demo.mif Line: 1
Info (39024): Processed the following Memory Initialization File(s)
    Info (39025): Processed Memory Initialization File C:/Users/baile/Documents/EEL4712/Project/test cases/week2_demo.mif File: C:/Users/baile/Documents/EEL4712/Project/test cases/week2_demo.mif Line: 0
Info: Quartus Prime MIF/HEX Update was successful. 0 errors, 5 warnings
    Info: Peak virtual memory: 4738 megabytes
    Info: Processing ended: Sat Nov 26 15:39:34 2022
    Info: Elapsed time: 00:00:01
    Info: Total CPU time (on all processors): 00:00:00


